Command: /home/viet/.espressif/python_env/idf5.5_py3.10_env/bin/python /home/viet/esp/esp-idf/tools/idf_monitor.py -p /dev/ttyACM0 -b 115200 --toolchain-prefix xtensa-esp32s3-elf- --target esp32s3 --revision 0 /home/viet/Downloads/DoAnIoT/Lamp_relay/build/mqtt5.elf /home/viet/Downloads/DoAnIoT/Lamp_relay/build/bootloader/bootloader.elf -m '/home/viet/.espressif/python_env/idf5.5_py3.10_env/bin/python' '/home/viet/esp/esp-idf/tools/idf.py'
̥��ESP-ROM:esp32s3-20210327
Build:Mar 27 2021
rst:0x1 (POWERON),boot:0x8 (SPI_FAST_FLASH_BOOT)
SPIWP:0xee
mode:DIO, clock div:1
load:0x3fce2820,len:0x158c
load:0x403c8700,len:0xd24
load:0x403cb700,len:0x2f34
entry 0x403c8924
[0;32mI (24) boot: ESP-IDF v5.5.2-dirty 2nd stage bootloader[0m
[0;32mI (25) boot: compile time Apr  5 2026 15:44:01[0m
[0;32mI (25) boot: Multicore bootloader[0m
[0;32mI (25) boot: chip revision: v0.2[0m
[0;32mI (28) boot: efuse block revision: v1.3[0m
[0;32mI (32) boot.esp32s3: Boot SPI Speed : 80MHz[0m
[0;32mI (36) boot.esp32s3: SPI Mode       : DIO[0m
[0;32mI (39) boot.esp32s3: SPI Flash Size : 2MB[0m
[0;32mI (43) boot: Enabling RNG early entropy source...[0m
[0;32mI (48) boot: Partition Table:[0m
[0;32mI (50) boot: ## Label            Usage          Type ST Offset   Length[0m
[0;32mI (57) boot:  0 nvs              WiFi data        01 02 00009000 00006000[0m
[0;32mI (63) boot:  1 phy_init         RF data          01 01 0000f000 00001000[0m
[0;32mI (70) boot:  2 factory          factory app      00 00 00010000 00177000[0m
[0;32mI (76) boot: End of partition table[0m
[0;32mI (79) esp_image: segment 0: paddr=00010020 vaddr=3c0b0020 size=22d34h (142644) map[0m
[0;32mI (112) esp_image: segment 1: paddr=00032d5c vaddr=3fc9aa00 size=04bbch ( 19388) load[0m
[0;32mI (116) esp_image: segment 2: paddr=00037920 vaddr=40374000 size=086f8h ( 34552) load[0m
[0;32mI (124) esp_image: segment 3: paddr=00040020 vaddr=42000020 size=ad3cch (709580) map[0m
[0;32mI (249) esp_image: segment 4: paddr=000ed3f4 vaddr=4037c6f8 size=0e2ach ( 58028) load[0m
[0;32mI (262) esp_image: segment 5: paddr=000fb6a8 vaddr=50000000 size=00020h (    32) load[0m
[0;32mI (272) boot: Loaded app from partition at offset 0x10000[0m
[0;32mI (272) boot: Disabling RNG early entropy source...[0m
[0;32mI (282) cpu_start: Multicore app[0m
[0;32mI (290) cpu_start: GPIO 44 and 43 are used as console UART I/O pins[0m
[0;32mI (291) cpu_start: Pro cpu start user code[0m
[0;32mI (291) cpu_start: cpu freq: 160000000 Hz[0m
[0;32mI (293) app_init: Application information:[0m
[0;32mI (296) app_init: Project name:     mqtt5[0m
[0;32mI (300) app_init: App version:      6c1a856-dirty[0m
[0;32mI (305) app_init: Compile time:     Apr  5 2026 15:44:19[0m
[0;32mI (310) app_init: ELF file SHA256:  c44458e7f...[0m
[0;32mI (314) app_init: ESP-IDF:          v5.5.2-dirty[0m
[0;32mI (318) efuse_init: Min chip rev:     v0.0[0m
[0;32mI (322) efuse_init: Max chip rev:     v0.99 [0m
[0;32mI (326) efuse_init: Chip rev:         v0.2[0m
[0;32mI (330) heap_init: Initializing. RAM available for dynamic allocation:[0m
[0;32mI (336) heap_init: At 3FCA4008 len 00045708 (277 KiB): RAM[0m
[0;32mI (341) heap_init: At 3FCE9710 len 00005724 (21 KiB): RAM[0m
[0;32mI (346) heap_init: At 3FCF0000 len 00008000 (32 KiB): DRAM[0m
[0;32mI (352) heap_init: At 600FE000 len 00001FE8 (7 KiB): RTCRAM[0m
[0;32mI (358) spi_flash: detected chip: boya[0m
[0;32mI (360) spi_flash: flash io: dio[0m
[0;33mW (363) spi_flash: Detected size(16384k) larger than the size in the binary image header(2048k). Using the size in the binary image header.[0m
[0;32mI (376) sleep_gpio: Configure to isolate all GPIO pins in sleep state[0m
[0;32mI (382) sleep_gpio: Enable automatic switching of GPIO sleep configuration[0m
[0;32mI (389) main_task: Started on CPU0[0m
[0;32mI (409) main_task: Calling app_main()[0m
[0;32mI (439) SMARTHOME: Device[1] 'Den phong khach' GPIO2 topics=/home/relay/1/control|/home/relay/1/status[0m
[0;32mI (439) SMARTHOME: Device[2] 'Quat' GPIO4 topics=/home/relay/2/control|/home/relay/2/status[0m
[0;32mI (439) SMARTHOME: Device[3] 'Den ngu' GPIO5 topics=/home/relay/3/control|/home/relay/3/status[0m
[0;32mI (449) SMARTHOME: Device[4] 'Bom nuoc' GPIO18 topics=/home/relay/4/control|/home/relay/4/status[0m
[0;32mI (459) pp: pp rom version: e7ae62f[0m
[0;32mI (459) net80211: net80211 rom version: e7ae62f[0m
[0;32mI (479) wifi:wifi driver task: 3fcedee0, prio:23, stack:6656, core=0[0m
[0;32mI (489) wifi:wifi firmware version: ee91c8c[0m
[0;32mI (489) wifi:wifi certification version: v7.0[0m
[0;32mI (489) wifi:config NVS flash: enabled[0m
[0;32mI (489) wifi:config nano formatting: disabled[0m
[0;32mI (489) wifi:Init data frame dynamic rx buffer num: 32[0m
[0;32mI (499) wifi:Init static rx mgmt buffer num: 5[0m
[0;32mI (499) wifi:Init management short buffer num: 32[0m
[0;32mI (509) wifi:Init dynamic tx buffer num: 32[0m
[0;32mI (509) wifi:Init static tx FG buffer num: 2[0m
[0;32mI (519) wifi:Init static rx buffer size: 1600[0m
[0;32mI (519) wifi:Init static rx buffer num: 10[0m
[0;32mI (519) wifi:Init dynamic rx buffer num: 32[0m
[0;32mI (529) wifi_init: rx ba win: 6[0m
[0;32mI (529) wifi_init: accept mbox: 6[0m
[0;32mI (529) wifi_init: tcpip mbox: 32[0m
[0;32mI (539) wifi_init: udp mbox: 6[0m
[0;32mI (539) wifi_init: tcp mbox: 6[0m
[0;32mI (539) wifi_init: tcp tx win: 5760[0m
[0;32mI (539) wifi_init: tcp rx win: 5760[0m
[0;32mI (549) wifi_init: tcp mss: 1440[0m
[0;32mI (549) wifi_init: WiFi IRAM OP enabled[0m
[0;32mI (549) wifi_init: WiFi RX IRAM OP enabled[0m
[0;32mI (559) SMARTHOME: No config found, entering app-driven QR provisioning mode[0m
[0;32mI (569) phy_init: phy_version 711,97bcf0a2,Aug 25 2025,19:04:10[0m
[0;32mI (609) phy_init: Saving new calibration data due to checksum failure or outdated calibration data, mode(0)[0m
[0;32mI (619) wifi:mode : sta (ac:a7:04:2c:33:40) + softAP (ac:a7:04:2c:33:41)[0m
[0;32mI (619) wifi:enable tsf[0m
[0;32mI (629) wifi:Total power save buffer number: 16[0m
[0;32mI (629) wifi:Init max length of beacon: 752/752[0m
[0;32mI (629) wifi:Init max length of beacon: 752/752[0m
[0;32mI (629) SMARTHOME: Pre-scanning WiFi before AP clients join...[0m
[0;32mI (639) esp_netif_lwip: DHCP server started on interface WIFI_AP_DEF with IP: 192.168.4.1[0m
[0;32mI (649) SMARTHOME: [SCAN] Task started[0m
[0;32mI (3549) SMARTHOME: [SCAN] scan_start ret=0x0 (ESP_OK)[0m
[0;32mI (3549) SMARTHOME: [SCAN] Total APs found by driver: 12[0m
[0;32mI (3549) SMARTHOME: [SCAN] Records written to buffer: 12[0m
[0;32mI (3549) SMARTHOME: [SCAN] Done. Cached 12 APs[0m
[0;32mI (3549) SMARTHOME: [SCAN]  [0] SSID='lap09' RSSI=-36[0m
[0;32mI (3559) SMARTHOME: [SCAN]  [1] SSID='TEAZONE_2.4G' RSSI=-42[0m
[0;32mI (3559) SMARTHOME: [SCAN]  [2] SSID='TEAZONE_5G' RSSI=-43[0m
[0;32mI (3569) SMARTHOME: [SCAN]  [3] SSID='TEAZONE_2.4G' RSSI=-52[0m
[0;32mI (3569) SMARTHOME: [SCAN]  [4] SSID='TEAZONE_5G' RSSI=-53[0m
[0;32mI (3579) SMARTHOME: [SCAN]  [5] SSID='Minh Anh Boutique' RSSI=-70[0m
[0;32mI (3589) SMARTHOME: [SCAN]  [6] SSID='FPT Telecom-E079-IOT' RSSI=-77[0m
[0;32mI (3589) SMARTHOME: [SCAN]  [7] SSID='FPT Telecom-6D19-IOT' RSSI=-78[0m
[0;32mI (3599) SMARTHOME: [SCAN]  [8] SSID='Mai Lai' RSSI=-78[0m
[0;32mI (3599) SMARTHOME: [SCAN]  [9] SSID='USR-WIFI232-G2_c1b7' RSSI=-79[0m
[0;32mI (3609) SMARTHOME: [SCAN]  [10] SSID='OC-BUM' RSSI=-81[0m
[0;32mI (3609) SMARTHOME: [SCAN]  [11] SSID='Nha Khoa Happy 1' RSSI=-91[0m
[0;32mI (3619) SMARTHOME: Pre-scan complete: 12 networks cached[0m
[0;32mI (3619) SMARTHOME: Provisioning AP started. SSID='SMARTHOME_2C3341'[0m
[0;32mI (3629) SMARTHOME: ================================================[0m
[0;32mI (3639) SMARTHOME: SCANNABLE QR CODE FOR PROVISIONING:[0m
[0;32mI (3639) QRCODE: Encoding below text with ECC LVL 0 & QR Code Version 10[0m
[0;32mI (3649) QRCODE: {"type":"smarthome-provision","apSsid":"SMARTHOME_2C3341","apPassword":"","endpoint":"http://192.168.4.1/provision","method":"POST","pop":"HUTECHIOT123"}[0m
                                                  
  █▀▀▀▀▀█ ▄▀   ▄   █ █▄█ ███ █▀ ▀ ▀▄ ▄▀ █▀▀▀▀▀█   
  █ ███ █ ▄▄ ▀▀  ██ █▀█▄ ███▀▀▀ ▀█▀█ █▄ █ ███ █   
  █ ▀▀▀ █ ▄▀█▀▀▄█▄▄ ▄ █▀▀▀█▀▄█▀▀▀  ▄▀▀▀ █ ▀▀▀ █   
  ▀▀▀▀▀▀▀ ▀ █ ▀▄█▄▀ █ █ ▀ █ ▀▄█▄▀ █ █ █ ▀▀▀▀▀▀▀   
  █▀▀▀▀▄▀█▀▄██▄█ ▀  ▀▀▀▀████▀█▄ █ ▄   ▄█ ▀ ▀ █▄   
  ▄██ █ ▀█ █ ▄▄ ▄█▄ ▀▄▀▄▀▀▀▄ ██▄ ██ ███▄▀ ███▀    
  ▄█▀▀█▄▀█▄▄█▄█▄▄ ▀▀▀   █ ██ █ █▄█▄█▀▀▄▄ ▄   ▀▄   
  ▀▄█ ██▀  ▄▀ █▀  █ ▀ ▀ ▀████ █▀▄▀█▄▀▀▀▀▀▄▄███▄   
  ▀▀▀▀▄█▀▀█▄▀▄█▄▄▀ ▄▀▀ ▄ ▀ █ █▄▄▄█▄▀ ▄▄█  ▄█ ██   
  █▀▄█▄▄▀ ▀▀▀▄▀ █▄▀▄██▀▀▀ ▀▄ █▄▄▄▀█▄▀█▀▀▀▀▄▄▄▀▄   
  ▄▄▄██▀▀▀█ ▄ █ ▄▀▀█▀▄█▀▀▀█▄ █▄▄▄▄ ▄ ██▀▀▀█▀▄ ▄   
  ██  █ ▀ █▄ ▄▄▄  ▀   █ ▀ █ ▀█▄ ▄ ▄▄▀ █ ▀ █▄█▀    
  ▄▀▄ █▀▀▀█ ▀▄▀▄▄▀  ▀█▀█▀▀▀█ █ ███ ▀▀▀█▀▀▀▀▄▄ ▄   
  ███ ▄ ▀█ ▄█▄  ▄   █ ▄▀▄▄█▀▄▄▄▀ ▄█▀▀▄▀▄▄█▄ █▄▄   
   █ ███▀██▄▄▄▄ ▄ ▀██▄   █ ▄ █▄██ ▄█▀▄  ▄ ▀▄▄▄█   
    █▄ ▀▀▀ ▀▀██ ▄▄▀ ▀ ▄▀▄▀▄ ▀▄█▀▄▀█ ██▄█▄█▀▀█▀    
  ▄▀▀▄▄█▀▀▀   █▄▄▀ ▀██▀▀▄ ▄▄▀  ▄██▄ ▀▄  █▀▀ ▄█▄   
   ▄▄▄█ ▀   ▀█▀ ▄▀  █▄▀▄ ▄██▄██▀█ ▄▄██▀ ▄█▀ ▄█    
  ▀  ▀▀ ▀ ▄██▄▄ ▄ ▀▀▀ █▀▀▀██▀ ▄█▄  █  █▀▀▀█▀▄ █   
  █▀▀▀▀▀█ ▀   ▄▄▄▄▀ ▄▀█ ▀ █▄▀▄█ ▄█▄▀▀ █ ▀ █ ▄▀▄   
  █ ███ █ ████▄ ▄  ██ ██▀▀█▄  ▄█▄█ ▀▀▀▀█▀██▀ █▀   
  █ ▀▀▀ █ ██  ▄▀▀  ▄█▄▄█▀  ▄ █▄▀ ▄█▀█▄▀▄ █▄ ▄ ▀   
  ▀▀▀▀▀▀▀ ▀▀▀     ▀▀▀   ▀ ▀    ▀▀  ▀▀▀  ▀▀▀  ▀    
                                                  

[0;32mI (4009) SMARTHOME: QR Payload: {"type":"smarthome-provision","apSsid":"SMARTHOME_2C3341","apPassword":"","endpoint":"http://192.168.4.1/provision","method":"POST","pop":"HUTECHIOT123"}[0m
[0;32mI (4019) SMARTHOME: PROVISIONING PIN: HUTECHIOT123[0m
[0;32mI (4029) SMARTHOME: ================================================[0m
[0;32mI (11809) wifi:new:<1,0>, old:<1,1>, ap:<1,1>, sta:<0,0>, prof:1, snd_ch_cfg:0x0[0m
[0;32mI (11809) wifi:station: ae:d7:4f:b4:2b:4d join, AID=1, bgn, 20[0m
[0;32mI (12169) esp_netif_lwip: DHCP server assigned IP to a client, IP is: 192.168.4.2[0m
[0;32mI (13589) wifi:<ba-add>idx:2 (ifx:1, ae:d7:4f:b4:2b:4d), tid:0, ssn:16, winSize:64[0m
[0;32mI (856309) wifi:station: ae:d7:4f:b4:2b:4d leave, AID = 1, reason = 3, bss_flags is 33721459, bss:0x3fcb4bdc[0m
[0;32mI (856309) wifi:new:<1,0>, old:<1,0>, ap:<1,1>, sta:<0,0>, prof:1, snd_ch_cfg:0x0[0m
[0;32mI (856319) wifi:<ba-del>idx:2, tid:0[0m
[0;32mI (856319) wifi:new:<1,1>, old:<1,0>, ap:<1,1>, sta:<0,0>, prof:1, snd_ch_cfg:0x0[0m
[0;32mI (934599) wifi:new:<1,0>, old:<1,1>, ap:<1,1>, sta:<0,0>, prof:1, snd_ch_cfg:0x0[0m
[0;32mI (934599) wifi:station: ae:d7:4f:b4:2b:4d join, AID=1, bgn, 20[0m
[0;32mI (935159) esp_netif_lwip: DHCP server assigned IP to a client, IP is: 192.168.4.2[0m
[0;32mI (936759) wifi:<ba-add>idx:2 (ifx:1, ae:d7:4f:b4:2b:4d), tid:0, ssn:16, winSize:64[0m
[0;32mI (948999) SMARTHOME: WiFi scan requested... serving 12 cached APs[0m
[0;32mI (978769) SMARTHOME: Provision saved. SSID='TEAZONE_2.4G' broker='mqtt://103.1.2.3:1883'[0m
[0;32mI (979979) wifi:station: ae:d7:4f:b4:2b:4d leave, AID = 1, reason = 2, bss_flags is 33721459, bss:0x3fcb4bdc[0m
[0;32mI (979979) wifi:new:<1,0>, old:<1,0>, ap:<1,1>, sta:<0,0>, prof:1, snd_ch_cfg:0x0[0m
[0;32mI (979979) wifi:<ba-del>idx:2, tid:0[0m
[0;32mI (979989) wifi:new:<1,1>, old:<1,0>, ap:<1,1>, sta:<0,0>, prof:1, snd_ch_cfg:0x0[0m
[0;32mI (980059) wifi:flush txq[0m
[0;32mI (980059) wifi:stop sw txq[0m
[0;32mI (980059) wifi:lmac stop hw txq[0m
ESP-ROM:esp32s3-20210327
Build:Mar 27 2021
rst:0xc (RTC_SW_CPU_RST),boot:0x8 (SPI_FAST_FLASH_BOOT)
Saved PC:0x4037bffc
SPIWP:0xee
mode:DIO, clock div:1
load:0x3fce2820,len:0x158c
load:0x403c8700,len:0xd24
load:0x403cb700,len:0x2f34
entry 0x403c8924
[0;32mI (29) boot: ESP-IDF v5.5.2-dirty 2nd stage bootloader[0m
[0;32mI (29) boot: compile time Apr  5 2026 15:44:01[0m
[0;32mI (29) boot: Multicore bootloader[0m
[0;32mI (30) boot: chip revision: v0.2[0m
[0;32mI (33) boot: efuse block revision: v1.3[0m
[0;32mI (36) boot.esp32s3: Boot SPI Speed : 80MHz[0m
[0;32mI (40) boot.esp32s3: SPI Mode       : DIO[0m
[0;32mI (44) boot.esp32s3: SPI Flash Size : 2MB[0m
[0;32mI (48) boot: Enabling RNG early entropy source...[0m
[0;32mI (52) boot: Partition Table:[0m
[0;32mI (55) boot: ## Label            Usage          Type ST Offset   Length[0m
[0;32mI (61) boot:  0 nvs              WiFi data        01 02 00009000 00006000[0m
[0;32mI (67) boot:  1 phy_init         RF data          01 01 0000f000 00001000[0m
[0;32mI (74) boot:  2 factory          factory app      00 00 00010000 00177000[0m
[0;32mI (81) boot: End of partition table[0m
[0;32mI (84) esp_image: segment 0: paddr=00010020 vaddr=3c0b0020 size=22d34h (142644) map[0m
[0;32mI (116) esp_image: segment 1: paddr=00032d5c vaddr=3fc9aa00 size=04bbch ( 19388) load[0m
[0;32mI (121) esp_image: segment 2: paddr=00037920 vaddr=40374000 size=086f8h ( 34552) load[0m
[0;32mI (128) esp_image: segment 3: paddr=00040020 vaddr=42000020 size=ad3cch (709580) map[0m
[0;32mI (254) esp_image: segment 4: paddr=000ed3f4 vaddr=4037c6f8 size=0e2ach ( 58028) load[0m
[0;32mI (267) esp_image: segment 5: paddr=000fb6a8 vaddr=50000000 size=00020h (    32) load[0m
[0;32mI (276) boot: Loaded app from partition at offset 0x10000[0m
[0;32mI (276) boot: Disabling RNG early entropy source...[0m
[0;32mI (286) cpu_start: Multicore app[0m
[0;32mI (295) cpu_start: GPIO 44 and 43 are used as console UART I/O pins[0m
[0;32mI (295) cpu_start: Pro cpu start user code[0m
[0;32mI (295) cpu_start: cpu freq: 160000000 Hz[0m
[0;32mI (297) app_init: Application information:[0m
[0;32mI (301) app_init: Project name:     mqtt5[0m
[0;32mI (304) app_init: App version:      6c1a856-dirty[0m
[0;32mI (309) app_init: Compile time:     Apr  5 2026 15:44:19[0m
[0;32mI (314) app_init: ELF file SHA256:  c44458e7f...[0m
[0;32mI (318) app_init: ESP-IDF:          v5.5.2-dirty[0m
[0;32mI (323) efuse_init: Min chip rev:     v0.0[0m
[0;32mI (326) efuse_init: Max chip rev:     v0.99 [0m
[0;32mI (330) efuse_init: Chip rev:         v0.2[0m
[0;32mI (334) heap_init: Initializing. RAM available for dynamic allocation:[0m
[0;32mI (341) heap_init: At 3FCA4008 len 00045708 (277 KiB): RAM[0m
[0;32mI (346) heap_init: At 3FCE9710 len 00005724 (21 KiB): RAM[0m
[0;32mI (351) heap_init: At 3FCF0000 len 00008000 (32 KiB): DRAM[0m
[0;32mI (356) heap_init: At 600FE000 len 00001FE8 (7 KiB): RTCRAM[0m
[0;32mI (362) spi_flash: detected chip: boya[0m
[0;32mI (365) spi_flash: flash io: dio[0m
[0;33mW (368) spi_flash: Detected size(16384k) larger than the size in the binary image header(2048k). Using the size in the binary image header.[0m
[0;32mI (380) sleep_gpio: Configure to isolate all GPIO pins in sleep state[0m
[0;32mI (386) sleep_gpio: Enable automatic switching of GPIO sleep configuration[0m
[0;32mI (393) main_task: Started on CPU0[0m
[0;32mI (413) main_task: Calling app_main()[0m
[0;32mI (443) SMARTHOME: Device[1] 'Den phong khach' GPIO2 topics=/home/relay/1/control|/home/relay/1/status[0m
[0;32mI (443) SMARTHOME: Device[2] 'Quat' GPIO4 topics=/home/relay/2/control|/home/relay/2/status[0m
[0;32mI (443) SMARTHOME: Device[3] 'Den ngu' GPIO5 topics=/home/relay/3/control|/home/relay/3/status[0m
[0;32mI (453) SMARTHOME: Device[4] 'Bom nuoc' GPIO18 topics=/home/relay/4/control|/home/relay/4/status[0m
[0;32mI (463) pp: pp rom version: e7ae62f[0m
[0;32mI (463) net80211: net80211 rom version: e7ae62f[0m
[0;32mI (483) wifi:wifi driver task: 3fcedee0, prio:23, stack:6656, core=0[0m
[0;32mI (493) wifi:wifi firmware version: ee91c8c[0m
[0;32mI (493) wifi:wifi certification version: v7.0[0m
[0;32mI (493) wifi:config NVS flash: enabled[0m
[0;32mI (493) wifi:config nano formatting: disabled[0m
[0;32mI (493) wifi:Init data frame dynamic rx buffer num: 32[0m
[0;32mI (503) wifi:Init static rx mgmt buffer num: 5[0m
[0;32mI (503) wifi:Init management short buffer num: 32[0m
[0;32mI (513) wifi:Init dynamic tx buffer num: 32[0m
[0;32mI (513) wifi:Init static tx FG buffer num: 2[0m
[0;32mI (523) wifi:Init static rx buffer size: 1600[0m
[0;32mI (523) wifi:Init static rx buffer num: 10[0m
[0;32mI (523) wifi:Init dynamic rx buffer num: 32[0m
[0;32mI (533) wifi_init: rx ba win: 6[0m
[0;32mI (533) wifi_init: accept mbox: 6[0m
[0;32mI (533) wifi_init: tcpip mbox: 32[0m
[0;32mI (543) wifi_init: udp mbox: 6[0m
[0;32mI (543) wifi_init: tcp mbox: 6[0m
[0;32mI (543) wifi_init: tcp tx win: 5760[0m
[0;32mI (543) wifi_init: tcp rx win: 5760[0m
[0;32mI (553) wifi_init: tcp mss: 1440[0m
[0;32mI (553) wifi_init: WiFi IRAM OP enabled[0m
[0;32mI (553) wifi_init: WiFi RX IRAM OP enabled[0m
[0;32mI (563) SMARTHOME: Config found: ssid='TEAZONE_2.4G' broker='mqtt://103.1.2.3:1883'[0m
[0;32mI (633) phy_init: phy_version 711,97bcf0a2,Aug 25 2025,19:04:10[0m
[0;32mI (673) phy_init: Saving new calibration data due to checksum failure or outdated calibration data, mode(0)[0m
[0;32mI (683) wifi:mode : sta (ac:a7:04:2c:33:40)[0m
[0;32mI (683) wifi:enable tsf[0m
[0;32mI (823) wifi:new:<1,0>, old:<1,0>, ap:<255,255>, sta:<1,0>, prof:1, snd_ch_cfg:0x0[0m
[0;32mI (823) wifi:state: init -> auth (0xb0)[0m
[0;32mI (823) wifi:state: auth -> assoc (0x0)[0m
[0;32mI (833) wifi:state: assoc -> run (0x10)[0m
[0;32mI (863) wifi:connected with TEAZONE_2.4G, aid = 28, channel 1, BW20, bssid = e6:60:4d:13:6f:b3[0m
[0;32mI (863) wifi:security: WPA2-PSK, phy: bgn, rssi: -46[0m
[0;32mI (873) wifi:pm start, type: 1[0m

[0;32mI (873) wifi:dp: 1, bi: 102400, li: 3, scale listen interval from 307200 us to 307200 us[0m
[0;32mI (873) wifi:set rx beacon pti, rx_bcn_pti: 0, bcn_timeout: 25000, mt_pti: 0, mt_time: 10000[0m
[0;32mI (893) wifi:<ba-add>idx:0 (ifx:0, e6:60:4d:13:6f:b3), tid:0, ssn:2, winSize:64[0m
[0;32mI (903) wifi:AP's beacon interval = 102400 us, DTIM period = 1[0m
[0;32mI (4253) esp_netif_handlers: sta ip: 192.168.1.150, mask: 255.255.255.0, gw: 192.168.1.1[0m
[0;32mI (4253) SMARTHOME: Got IP: 192.168.1.150[0m
[0;32mI (4253) SMARTHOME: Starting MQTT: mqtt://103.1.2.3:1883[0m
[1;31mE (14273) esp-tls: [sock=54] select() timeout[0m
[1;31mE (14273) transport_base: Failed to open a new connection: 32774[0m
[1;31mE (14273) mqtt_client: Error transport connect[0m
[0;32mI (14273) SMARTHOME: MQTT disconnected[0m
[1;31mE (39283) esp-tls: [sock=54] select() timeout[0m
[1;31mE (39283) transport_base: Failed to open a new connection: 32774[0m
[1;31mE (39283) mqtt_client: Error transport connect[0m
[0;32mI (39283) SMARTHOME: MQTT disconnected[0m
[1;31mE (64293) esp-tls: [sock=54] select() timeout[0m
[1;31mE (64293) transport_base: Failed to open a new connection: 32774[0m
[1;31mE (64293) mqtt_client: Error transport connect[0m
[0;32mI (64293) SMARTHOME: MQTT disconnected[0m
